Microsoft(R) 生成引擎版本 4.8.9032.0
[Microsoft .NET Framework 版本 4.0.30319.42000]
版权所有 (C) Microsoft Corporation。保留所有权利。

在此解决方案中一次生成一个项目。若要启用并行生成，请添加“/m”开关。
生成启动时间为 2026/1/18 16:32:37。
项目“E:\HBuilderProjects\Windows-Update-Delayer-main\Windows-Update-Delayer.sln”在节点 1 上(Rebuild 个目标)。
ValidateSolutionConfiguration:
  正在生成解决方案配置“Release|Any CPU”。
项目“E:\HBuilderProjects\Windows-Update-Delayer-main\Windows-Update-Delayer.sln”(1)正在节点 1 上生成“E:\HBuilderProjects\Windows-Update-Delayer-main\Windows-Update-Delayer.csproj”(2) (Rebuild 个目标)。
项目文件包含 ToolsVersion="15.0"。此工具集可能未知或缺失。在这种情况下，通过安装 MSBuild 的正确版本，或许可以解决此问题。否则，该 build 可能已因策略原因而被强制为某个特定 ToolsVersion。将该项目视为其已具有 ToolsVersion="4.0"。有关详细信息，请参阅 http://go.microsoft.com/fwlink/?LinkId=291333。
CoreClean:
  正在删除文件“E:\HBuilderProjects\Windows-Update-Delayer-main\obj\Release\Windows-Update-Delayer.csprojResolveAssemblyReference.cache”。
  正在删除文件“E:\HBuilderProjects\Windows-Update-Delayer-main\obj\Release\MainWindow.g.cs”。
  正在删除文件“E:\HBuilderProjects\Windows-Update-Delayer-main\obj\Release\App.g.cs”。
  正在删除文件“E:\HBuilderProjects\Windows-Update-Delayer-main\obj\Release\Windows-Update-Delayer_MarkupCompile.cache”。
  正在删除文件“E:\HBuilderProjects\Windows-Update-Delayer-main\obj\Release\Windows-Update-Delayer_MarkupCompile.lref”。
C:\Windows\Microsoft.NET\Framework64\v4.0.30319\Microsoft.Common.targets(983,5): warning MSB3644: 未找到框架“.NETFramework,Version=v4.8”的引用程序集。若要解决此问题，请安装此框架版本的 SDK 或 Targeting Pack，或将应用程序的目标重新指向已装有 SDK 或 Targeting Pack 的框架版本。请注意，将从全局程序集缓存(GAC)解析程序集，并将使用这些程序集替换引用程序集。因此，程序集的目标可能未正确指向您所预期的框架。 [E:\HBuilderProjects\Windows-Update-Delayer-main\Windows-Update-Delayer.csproj]
C:\Windows\Microsoft.NET\Framework64\v4.0.30319\Microsoft.Common.targets(1605,5): warning MSB3270: 所生成项目的处理器架构“MSIL”与引用“C:\Windows\Microsoft.NET\Framework64\v4.0.30319\mscorlib.dll”的处理器架构“AMD64”不匹配。这种不匹配可能会导致运行时失败。请考虑通过配置管理器更改您的项目的目标处理器架构，以使您的项目与引用间的处理器架构保持一致，或者为引用关联一个与您的项目的目标处理器架构相符的处理器架构。 [E:\HBuilderProjects\Windows-Update-Delayer-main\Windows-Update-Delayer.csproj]
C:\Windows\Microsoft.NET\Framework64\v4.0.30319\Microsoft.Common.targets(1605,5): warning MSB3270: 所生成项目的处理器架构“MSIL”与引用“PresentationCore”的处理器架构“AMD64”不匹配。这种不匹配可能会导致运行时失败。请考虑通过配置管理器更改您的项目的目标处理器架构，以使您的项目与引用间的处理器架构保持一致，或者为引用关联一个与您的项目的目标处理器架构相符的处理器架构。 [E:\HBuilderProjects\Windows-Update-Delayer-main\Windows-Update-Delayer.csproj]
C:\Windows\Microsoft.NET\Framework64\v4.0.30319\Microsoft.Common.targets(1605,5): warning MSB3270: 所生成项目的处理器架构“MSIL”与引用“System.Data”的处理器架构“AMD64”不匹配。这种不匹配可能会导致运行时失败。请考虑通过配置管理器更改您的项目的目标处理器架构，以使您的项目与引用间的处理器架构保持一致，或者为引用关联一个与您的项目的目标处理器架构相符的处理器架构。 [E:\HBuilderProjects\Windows-Update-Delayer-main\Windows-Update-Delayer.csproj]
项目“E:\HBuilderProjects\Windows-Update-Delayer-main\Windows-Update-Delayer.csproj”(2)正在节点 1 上生成“E:\HBuilderProjects\Windows-Update-Delayer-main\Windows-Update-Delayer_ub0ryb4c_wpftmp.csproj”(3) (_CompileTemporaryAssembly 个目标)。
项目文件包含 ToolsVersion="15.0"。此工具集可能未知或缺失。在这种情况下，通过安装 MSBuild 的正确版本，或许可以解决此问题。否则，该 build 可能已因策略原因而被强制为某个特定 ToolsVersion。将该项目视为其已具有 ToolsVersion="4.0"。有关详细信息，请参阅 http://go.microsoft.com/fwlink/?LinkId=291333。
CoreCompile:
  C:\Windows\Microsoft.NET\Framework64\v4.0.30319\Csc.exe /noconfig /nowarn:1701,1702 /nostdlib+ /platform:anycpu32bitpreferred /errorreport:prompt /warn:4 /define:TRACE /highentropyva+ /reference:C:\WINDOWS\Microsoft.Net\assembly\GAC_MSIL\Microsoft.CSharp\v4.0_4.0.0.0__b03f5f7f11d50a3a\Microsoft.CSharp.dll /reference:C:\Windows\Microsoft.NET\Framework64\v4.0.30319\mscorlib.dll /reference:C:\WINDOWS\Microsoft.Net\assembly\GAC_64\PresentationCore\v4.0_4.0.0.0__31bf3856ad364e35\PresentationCore.dll /reference:C:\WINDOWS\Microsoft.Net\assembly\GAC_MSIL\PresentationFramework\v4.0_4.0.0.0__31bf3856ad364e35\PresentationFramework.dll /reference:C:\WINDOWS\Microsoft.Net\assembly\GAC_MSIL\System.Core\v4.0_4.0.0.0__b77a5c561934e089\System.Core.dll /reference:C:\WINDOWS\Microsoft.Net\assembly\GAC_MSIL\System.Data.DataSetExtensions\v4.0_4.0.0.0__b77a5c561934e089\System.Data.DataSetExtensions.dll /reference:C:\WINDOWS\Microsoft.Net\assembly\GAC_64\System.Data\v4.0_4.0.0.0__b77a5c561934e089\System.Data.dll /reference:C:\WINDOWS\Microsoft.Net\assembly\GAC_MSIL\System\v4.0_4.0.0.0__b77a5c561934e089\System.dll /reference:C:\WINDOWS\Microsoft.Net\assembly\GAC_MSIL\System.Net.Http\v4.0_4.0.0.0__b03f5f7f11d50a3a\System.Net.Http.dll /reference:C:\WINDOWS\Microsoft.Net\assembly\GAC_MSIL\System.Xaml\v4.0_4.0.0.0__b77a5c561934e089\System.Xaml.dll /reference:C:\WINDOWS\Microsoft.Net\assembly\GAC_MSIL\System.Xml\v4.0_4.0.0.0__b77a5c561934e089\System.Xml.dll /reference:C:\WINDOWS\Microsoft.Net\assembly\GAC_MSIL\System.Xml.Linq\v4.0_4.0.0.0__b77a5c561934e089\System.Xml.Linq.dll /reference:C:\WINDOWS\Microsoft.Net\assembly\GAC_MSIL\WindowsBase\v4.0_4.0.0.0__31bf3856ad364e35\WindowsBase.dll /debug:pdbonly /filealign:512 /nowin32manifest /optimize+ /out:obj\Release\Windows-Update-Delayer.exe /subsystemversion:6.00 /target:winexe /utf8output /win32icon:images\favicon.ico App.xaml.cs MainWindow.xaml.cs Properties\AssemblyInfo.cs Properties\Resources.Designer.cs Properties\Settings.Designer.cs E:\HBuilderProjects\Windows-Update-Delayer-main\obj\Release\MainWindow.g.cs E:\HBuilderProjects\Windows-Update-Delayer-main\obj\Release\App.g.cs
App.xaml.cs(26,45): error CS1026: 应输入 ) [E:\HBuilderProjects\Windows-Update-Delayer-main\Windows-Update-Delayer_ub0ryb4c_wpftmp.csproj]
App.xaml.cs(26,53): error CS1002: 应输入 ; [E:\HBuilderProjects\Windows-Update-Delayer-main\Windows-Update-Delayer_ub0ryb4c_wpftmp.csproj]
App.xaml.cs(26,59): error CS1002: 应输入 ; [E:\HBuilderProjects\Windows-Update-Delayer-main\Windows-Update-Delayer_ub0ryb4c_wpftmp.csproj]
App.xaml.cs(26,59): error CS1525: 无效的表达式项“,” [E:\HBuilderProjects\Windows-Update-Delayer-main\Windows-Update-Delayer_ub0ryb4c_wpftmp.csproj]
App.xaml.cs(26,61): error CS1002: 应输入 ; [E:\HBuilderProjects\Windows-Update-Delayer-main\Windows-Update-Delayer_ub0ryb4c_wpftmp.csproj]
App.xaml.cs(26,67): error CS1002: 应输入 ; [E:\HBuilderProjects\Windows-Update-Delayer-main\Windows-Update-Delayer_ub0ryb4c_wpftmp.csproj]
App.xaml.cs(26,67): error CS1525: 无效的表达式项“,” [E:\HBuilderProjects\Windows-Update-Delayer-main\Windows-Update-Delayer_ub0ryb4c_wpftmp.csproj]
App.xaml.cs(26,69): error CS1002: 应输入 ; [E:\HBuilderProjects\Windows-Update-Delayer-main\Windows-Update-Delayer_ub0ryb4c_wpftmp.csproj]
App.xaml.cs(26,88): error CS1002: 应输入 ; [E:\HBuilderProjects\Windows-Update-Delayer-main\Windows-Update-Delayer_ub0ryb4c_wpftmp.csproj]
App.xaml.cs(26,88): error CS1525: 无效的表达式项“,” [E:\HBuilderProjects\Windows-Update-Delayer-main\Windows-Update-Delayer_ub0ryb4c_wpftmp.csproj]
App.xaml.cs(26,90): error CS1002: 应输入 ; [E:\HBuilderProjects\Windows-Update-Delayer-main\Windows-Update-Delayer_ub0ryb4c_wpftmp.csproj]
App.xaml.cs(26,113): error CS1002: 应输入 ; [E:\HBuilderProjects\Windows-Update-Delayer-main\Windows-Update-Delayer_ub0ryb4c_wpftmp.csproj]
App.xaml.cs(26,113): error CS1525: 无效的表达式项“)” [E:\HBuilderProjects\Windows-Update-Delayer-main\Windows-Update-Delayer_ub0ryb4c_wpftmp.csproj]
MainWindow.xaml.cs(243,17): error CS1984: 无法在 finally 子句体中等待 [E:\HBuilderProjects\Windows-Update-Delayer-main\Windows-Update-Delayer_ub0ryb4c_wpftmp.csproj]
已完成生成项目“E:\HBuilderProjects\Windows-Update-Delayer-main\Windows-Update-Delayer_ub0ryb4c_wpftmp.csproj”(_CompileTemporaryAssembly 个目标)的操作 - 失败。
已完成生成项目“E:\HBuilderProjects\Windows-Update-Delayer-main\Windows-Update-Delayer.csproj”(Rebuild 个目标)的操作 - 失败。
已完成生成项目“E:\HBuilderProjects\Windows-Update-Delayer-main\Windows-Update-Delayer.sln”(Rebuild 个目标)的操作 - 失败。

生成失败。

“E:\HBuilderProjects\Windows-Update-Delayer-main\Windows-Update-Delayer.sln”(Rebuild 目标) (1) ->
“E:\HBuilderProjects\Windows-Update-Delayer-main\Windows-Update-Delayer.csproj”(Rebuild 目标) (2) ->
(GetReferenceAssemblyPaths 目标) -> 
  C:\Windows\Microsoft.NET\Framework64\v4.0.30319\Microsoft.Common.targets(983,5): warning MSB3644: 未找到框架“.NETFramework,Version=v4.8”的引用程序集。若要解决此问题，请安装此框架版本的 SDK 或 Targeting Pack，或将应用程序的目标重新指向已装有 SDK 或 Targeting Pack 的框架版本。请注意，将从全局程序集缓存(GAC)解析程序集，并将使用这些程序集替换引用程序集。因此，程序集的目标可能未正确指向您所预期的框架。 [E:\HBuilderProjects\Windows-Update-Delayer-main\Windows-Update-Delayer.csproj]


“E:\HBuilderProjects\Windows-Update-Delayer-main\Windows-Update-Delayer.sln”(Rebuild 目标) (1) ->
“E:\HBuilderProjects\Windows-Update-Delayer-main\Windows-Update-Delayer.csproj”(Rebuild 目标) (2) ->
(ResolveAssemblyReferences 目标) -> 
  C:\Windows\Microsoft.NET\Framework64\v4.0.30319\Microsoft.Common.targets(1605,5): warning MSB3270: 所生成项目的处理器架构“MSIL”与引用“C:\Windows\Microsoft.NET\Framework64\v4.0.30319\mscorlib.dll”的处理器架构“AMD64”不匹配。这种不匹配可能会导致运行时失败。请考虑通过配置管理器更改您的项目的目标处理器架构，以使您的项目与引用间的处理器架构保持一致，或者为引用关联一个与您的项目的目标处理器架构相符的处理器架构。 [E:\HBuilderProjects\Windows-Update-Delayer-main\Windows-Update-Delayer.csproj]
  C:\Windows\Microsoft.NET\Framework64\v4.0.30319\Microsoft.Common.targets(1605,5): warning MSB3270: 所生成项目的处理器架构“MSIL”与引用“PresentationCore”的处理器架构“AMD64”不匹配。这种不匹配可能会导致运行时失败。请考虑通过配置管理器更改您的项目的目标处理器架构，以使您的项目与引用间的处理器架构保持一致，或者为引用关联一个与您的项目的目标处理器架构相符的处理器架构。 [E:\HBuilderProjects\Windows-Update-Delayer-main\Windows-Update-Delayer.csproj]
  C:\Windows\Microsoft.NET\Framework64\v4.0.30319\Microsoft.Common.targets(1605,5): warning MSB3270: 所生成项目的处理器架构“MSIL”与引用“System.Data”的处理器架构“AMD64”不匹配。这种不匹配可能会导致运行时失败。请考虑通过配置管理器更改您的项目的目标处理器架构，以使您的项目与引用间的处理器架构保持一致，或者为引用关联一个与您的项目的目标处理器架构相符的处理器架构。 [E:\HBuilderProjects\Windows-Update-Delayer-main\Windows-Update-Delayer.csproj]


“E:\HBuilderProjects\Windows-Update-Delayer-main\Windows-Update-Delayer.sln”(Rebuild 目标) (1) ->
“E:\HBuilderProjects\Windows-Update-Delayer-main\Windows-Update-Delayer.csproj”(Rebuild 目标) (2) ->
“E:\HBuilderProjects\Windows-Update-Delayer-main\Windows-Update-Delayer_ub0ryb4c_wpftmp.csproj”(_CompileTemporaryAssembly 目标) (3) ->
(CoreCompile 目标) -> 
  App.xaml.cs(26,45): error CS1026: 应输入 ) [E:\HBuilderProjects\Windows-Update-Delayer-main\Windows-Update-Delayer_ub0ryb4c_wpftmp.csproj]
  App.xaml.cs(26,53): error CS1002: 应输入 ; [E:\HBuilderProjects\Windows-Update-Delayer-main\Windows-Update-Delayer_ub0ryb4c_wpftmp.csproj]
  App.xaml.cs(26,59): error CS1002: 应输入 ; [E:\HBuilderProjects\Windows-Update-Delayer-main\Windows-Update-Delayer_ub0ryb4c_wpftmp.csproj]
  App.xaml.cs(26,59): error CS1525: 无效的表达式项“,” [E:\HBuilderProjects\Windows-Update-Delayer-main\Windows-Update-Delayer_ub0ryb4c_wpftmp.csproj]
  App.xaml.cs(26,61): error CS1002: 应输入 ; [E:\HBuilderProjects\Windows-Update-Delayer-main\Windows-Update-Delayer_ub0ryb4c_wpftmp.csproj]
  App.xaml.cs(26,67): error CS1002: 应输入 ; [E:\HBuilderProjects\Windows-Update-Delayer-main\Windows-Update-Delayer_ub0ryb4c_wpftmp.csproj]
  App.xaml.cs(26,67): error CS1525: 无效的表达式项“,” [E:\HBuilderProjects\Windows-Update-Delayer-main\Windows-Update-Delayer_ub0ryb4c_wpftmp.csproj]
  App.xaml.cs(26,69): error CS1002: 应输入 ; [E:\HBuilderProjects\Windows-Update-Delayer-main\Windows-Update-Delayer_ub0ryb4c_wpftmp.csproj]
  App.xaml.cs(26,88): error CS1002: 应输入 ; [E:\HBuilderProjects\Windows-Update-Delayer-main\Windows-Update-Delayer_ub0ryb4c_wpftmp.csproj]
  App.xaml.cs(26,88): error CS1525: 无效的表达式项“,” [E:\HBuilderProjects\Windows-Update-Delayer-main\Windows-Update-Delayer_ub0ryb4c_wpftmp.csproj]
  App.xaml.cs(26,90): error CS1002: 应输入 ; [E:\HBuilderProjects\Windows-Update-Delayer-main\Windows-Update-Delayer_ub0ryb4c_wpftmp.csproj]
  App.xaml.cs(26,113): error CS1002: 应输入 ; [E:\HBuilderProjects\Windows-Update-Delayer-main\Windows-Update-Delayer_ub0ryb4c_wpftmp.csproj]
  App.xaml.cs(26,113): error CS1525: 无效的表达式项“)” [E:\HBuilderProjects\Windows-Update-Delayer-main\Windows-Update-Delayer_ub0ryb4c_wpftmp.csproj]
  MainWindow.xaml.cs(243,17): error CS1984: 无法在 finally 子句体中等待 [E:\HBuilderProjects\Windows-Update-Delayer-main\Windows-Update-Delayer_ub0ryb4c_wpftmp.csproj]

    4 个警告
    14 个错误

已用时间 00:00:01.00
